2026-09-24T13:10:42.448-03:00  INFO 20560 --- [main] c.i.i.InventoryServiceApplication        : Starting InventoryServiceApplication using Java 25.0.4.1 with PID 20560 (C:\Users\spydf\Desktop\kafka-lab\inventory-service\target\classes started by spydf in C:\Users\spydf\Desktop\kafka-lab\inventory-service)
2026-09-24T13:10:42.451-03:00  INFO 20560 --- [main] c.i.i.InventoryServiceApplication        : No active profile set, falling back to 1 default profile: "default"
2026-09-24T13:10:43.024-03:00  INFO 20560 --- [main] .s.d.r.c.RepositoryConfigurationDelegate : Bootstrapping Spring Data JPA repositories in DEFAULT mode.
2026-09-24T13:10:43.052-03:00  INFO 20560 --- [main] .s.d.r.c.RepositoryConfigurationDelegate : Finished Spring Data repository scanning in 18 ms. Found 0 JPA repository interfaces.
2026-09-24T13:10:43.578-03:00  INFO 20560 --- [main] o.s.boot.tomcat.TomcatWebServer          : Tomcat initialized with port 8083 (http)
2026-09-24T13:10:43.591-03:00  INFO 20560 --- [main] o.apache.catalina.core.StandardService   : Starting service [Tomcat]
2026-09-24T13:10:43.592-03:00  INFO 20560 --- [main] o.apache.catalina.core.StandardEngine    : Starting Servlet engine: [Apache Tomcat/11.0.24]
2026-09-24T13:10:43.643-03:00  INFO 20560 --- [main] b.w.c.s.WebApplicationContextInitializer : Root WebApplicationContext: initialization completed in 1159 ms
2026-09-24T13:10:43.945-03:00  INFO 20560 --- [main] com.zaxxer.hikari.HikariDataSource       : HikariPool-1 - Starting...
2026-09-24T13:10:44.072-03:00  INFO 20560 --- [main] com.zaxxer.hikari.pool.HikariPool        : HikariPool-1 - Added connection org.postgresql.jdbc.PgConnection@63f9ddf9
2026-09-24T13:10:44.073-03:00  INFO 20560 --- [main] com.zaxxer.hikari.HikariDataSource       : HikariPool-1 - Start completed.
2026-09-24T13:10:44.089-03:00  INFO 20560 --- [main] org.flywaydb.core.FlywayExecutor         : Database: jdbc:postgresql://localhost:5440/inventory (PostgreSQL 17.11)
2026-09-24T13:10:44.150-03:00  INFO 20560 --- [main] o.f.c.i.s.JdbcTableSchemaHistory         : Schema history table "public"."flyway_schema_history" does not exist yet
2026-09-24T13:10:44.154-03:00  INFO 20560 --- [main] o.f.core.internal.command.DbValidate     : Successfully validated 0 migrations (execution time 00:00.011s)
2026-09-24T13:10:44.154-03:00  WARN 20560 --- [main] o.f.core.internal.command.DbValidate     : No migrations found. Are your locations set up correctly?
2026-09-24T13:10:44.172-03:00  INFO 20560 --- [main] o.f.c.i.s.JdbcTableSchemaHistory         : Creating Schema History table "public"."flyway_schema_history" ...
2026-09-24T13:10:44.227-03:00  INFO 20560 --- [main] o.f.core.internal.command.DbMigrate      : Current version of schema "public": << Empty Schema >>
2026-09-24T13:10:44.235-03:00  INFO 20560 --- [main] o.f.core.internal.command.DbMigrate      : Schema "public" is up to date. No migration necessary.
2026-09-24T13:10:44.335-03:00  INFO 20560 --- [main] org.hibernate.orm.jpa                    : HHH008540: Processing PersistenceUnitInfo [name: default]
2026-09-24T13:10:44.385-03:00  INFO 20560 --- [main] org.hibernate.orm.core                   : HHH000001: Hibernate ORM core version 7.4.5.Final
2026-09-24T13:10:44.755-03:00  INFO 20560 --- [main] o.s.o.j.p.SpringPersistenceUnitInfo      : No LoadTimeWeaver setup: ignoring JPA class transformer
2026-09-24T13:10:44.834-03:00  INFO 20560 --- [main] org.hibernate.orm.connections.pooling    : HHH10001005: Database info:
	Database JDBC URL [jdbc:postgresql://localhost:5440/inventory]
	Database driver: PostgreSQL JDBC Driver
	Database dialect: PostgreSQLDialect
	Database version: 17.11
	Default catalog/schema: inventory/public
	Autocommit mode: undefined/unknown
	Isolation level: READ_COMMITTED [default READ_COMMITTED]
	JDBC fetch size: none
	Pool: DataSourceConnectionProvider
	Minimum pool size: undefined/unknown
	Maximum pool size: undefined/unknown
2026-09-24T13:10:45.157-03:00  INFO 20560 --- [main] org.hibernate.orm.core                   : HHH000489: No JTA platform available (set 'hibernate.transaction.jta.platform' to enable JTA platform integration)
2026-09-24T13:10:45.191-03:00  INFO 20560 --- [main] j.LocalContainerEntityManagerFactoryBean : Initialized JPA EntityManagerFactory for persistence unit 'default'
2026-09-24T13:10:45.239-03:00  WARN 20560 --- [main] JpaBaseConfiguration$JpaWebConfiguration : spring.jpa.open-in-view is enabled by default. Therefore, database queries may be performed during view rendering. Explicitly configure spring.jpa.open-in-view to disable this warning
2026-09-24T13:10:45.662-03:00  INFO 20560 --- [main] o.s.b.a.e.web.EndpointLinksResolver      : Exposing 1 endpoint beneath base path '/actuator'
2026-09-24T13:10:45.717-03:00  INFO 20560 --- [main] o.s.boot.tomcat.TomcatWebServer          : Tomcat started on port 8083 (http) with context path '/'
2026-09-24T13:10:45.723-03:00  INFO 20560 --- [main] c.i.i.InventoryServiceApplication        : Started InventoryServiceApplication in 3.64 seconds (process running for 3.964)
2026-09-24T13:10:48.071-03:00  INFO 20560 --- [SpringApplicationShutdownHook] o.s.boot.tomcat.GracefulShutdown         : Commencing graceful shutdown. Waiting for active requests to complete
2026-09-24T13:10:48.075-03:00  INFO 20560 --- [tomcat-shutdown] o.s.boot.tomcat.GracefulShutdown         : Graceful shutdown complete
2026-09-24T13:10:48.079-03:00  INFO 20560 --- [SpringApplicationShutdownHook] j.LocalContainerEntityManagerFactoryBean : Closing JPA EntityManagerFactory for persistence unit 'default'
2026-09-24T13:10:48.081-03:00  INFO 20560 --- [SpringApplicationShutdownHook] com.zaxxer.hikari.HikariDataSource       : HikariPool-1 - Shutdown initiated...
2026-09-24T13:10:48.083-03:00  INFO 20560 --- [SpringApplicationShutdownHook] com.zaxxer.hikari.HikariDataSource       : HikariPool-1 - Shutdown completed.
