2026-09-24T14:03:08.676-03:00  INFO 25620 --- [restartedMain] c.i.c.CustomerServiceApplication         : Starting CustomerServiceApplication using Java 25.0.4.1 with PID 25620 (C:\Users\spydf\Desktop\kafka-lab\customer-service\target\classes started by spydf in C:\Users\spydf\Desktop\kafka-lab\customer-service)
2026-09-24T14:03:08.679-03:00  INFO 25620 --- [restartedMain] c.i.c.CustomerServiceApplication         : No active profile set, falling back to 1 default profile: "default"
2026-09-24T14:03:08.758-03:00  INFO 25620 --- [restartedMain] .e.DevToolsPropertyDefaultsPostProcessor : Devtools property defaults active! Set 'spring.devtools.add-properties' to 'false' to disable
2026-09-24T14:03:08.758-03:00  INFO 25620 --- [restartedMain] .e.DevToolsPropertyDefaultsPostProcessor : For additional web related logging consider setting the 'logging.level.web' property to 'DEBUG'
2026-09-24T14:03:09.496-03:00  INFO 25620 --- [restartedMain] .s.d.r.c.RepositoryConfigurationDelegate : Bootstrapping Spring Data JPA repositories in DEFAULT mode.
2026-09-24T14:03:09.525-03:00  INFO 25620 --- [restartedMain] .s.d.r.c.RepositoryConfigurationDelegate : Finished Spring Data repository scanning in 15 ms. Found 0 JPA repository interfaces.
2026-09-24T14:03:10.026-03:00  INFO 25620 --- [restartedMain] o.s.boot.tomcat.TomcatWebServer          : Tomcat initialized with port 8085 (http)
2026-09-24T14:03:10.040-03:00  INFO 25620 --- [restartedMain] o.apache.catalina.core.StandardService   : Starting service [Tomcat]
2026-09-24T14:03:10.041-03:00  INFO 25620 --- [restartedMain] o.apache.catalina.core.StandardEngine    : Starting Servlet engine: [Apache Tomcat/11.0.24]
2026-09-24T14:03:10.082-03:00  INFO 25620 --- [restartedMain] b.w.c.s.WebApplicationContextInitializer : Root WebApplicationContext: initialization completed in 1321 ms
2026-09-24T14:03:10.379-03:00  INFO 25620 --- [restartedMain] com.zaxxer.hikari.HikariDataSource       : HikariPool-1 - Starting...
2026-09-24T14:03:10.556-03:00  INFO 25620 --- [restartedMain] com.zaxxer.hikari.pool.HikariPool        : HikariPool-1 - Added connection org.postgresql.jdbc.PgConnection@4402c477
2026-09-24T14:03:10.558-03:00  INFO 25620 --- [restartedMain] com.zaxxer.hikari.HikariDataSource       : HikariPool-1 - Start completed.
2026-09-24T14:03:10.577-03:00  INFO 25620 --- [restartedMain] org.flywaydb.core.FlywayExecutor         : Database: jdbc:postgresql://localhost:5440/customer (PostgreSQL 17.11)
2026-09-24T14:03:10.628-03:00  INFO 25620 --- [restartedMain] o.f.c.i.s.JdbcTableSchemaHistory         : Schema history table "public"."flyway_schema_history" does not exist yet
2026-09-24T14:03:10.630-03:00  INFO 25620 --- [restartedMain] o.f.core.internal.command.DbValidate     : Successfully validated 0 migrations (execution time 00:00.009s)
2026-09-24T14:03:10.631-03:00  WARN 25620 --- [restartedMain] o.f.core.internal.command.DbValidate     : No migrations found. Are your locations set up correctly?
2026-09-24T14:03:10.645-03:00  INFO 25620 --- [restartedMain] o.f.c.i.s.JdbcTableSchemaHistory         : Creating Schema History table "public"."flyway_schema_history" ...
2026-09-24T14:03:10.692-03:00  INFO 25620 --- [restartedMain] o.f.core.internal.command.DbMigrate      : Current version of schema "public": << Empty Schema >>
2026-09-24T14:03:10.697-03:00  INFO 25620 --- [restartedMain] o.f.core.internal.command.DbMigrate      : Schema "public" is up to date. No migration necessary.
2026-09-24T14:03:10.784-03:00  INFO 25620 --- [restartedMain] org.hibernate.orm.jpa                    : HHH008540: Processing PersistenceUnitInfo [name: default]
2026-09-24T14:03:10.848-03:00  INFO 25620 --- [restartedMain] org.hibernate.orm.core                   : HHH000001: Hibernate ORM core version 7.4.5.Final
2026-09-24T14:03:11.273-03:00  INFO 25620 --- [restartedMain] o.s.o.j.p.SpringPersistenceUnitInfo      : No LoadTimeWeaver setup: ignoring JPA class transformer
2026-09-24T14:03:11.386-03:00  INFO 25620 --- [restartedMain] org.hibernate.orm.connections.pooling    : HHH10001005: Database info:
	Database JDBC URL [jdbc:postgresql://localhost:5440/customer]
	Database driver: PostgreSQL JDBC Driver
	Database dialect: PostgreSQLDialect
	Database version: 17.11
	Default catalog/schema: customer/public
	Autocommit mode: undefined/unknown
	Isolation level: READ_COMMITTED [default READ_COMMITTED]
	JDBC fetch size: none
	Pool: DataSourceConnectionProvider
	Minimum pool size: undefined/unknown
	Maximum pool size: undefined/unknown
2026-09-24T14:03:11.791-03:00  INFO 25620 --- [restartedMain] org.hibernate.orm.core                   : HHH000489: No JTA platform available (set 'hibernate.transaction.jta.platform' to enable JTA platform integration)
2026-09-24T14:03:11.831-03:00  INFO 25620 --- [restartedMain] j.LocalContainerEntityManagerFactoryBean : Initialized JPA EntityManagerFactory for persistence unit 'default'
2026-09-24T14:03:11.878-03:00  WARN 25620 --- [restartedMain] JpaBaseConfiguration$JpaWebConfiguration : spring.jpa.open-in-view is enabled by default. Therefore, database queries may be performed during view rendering. Explicitly configure spring.jpa.open-in-view to disable this warning
2026-09-24T14:03:12.225-03:00  INFO 25620 --- [restartedMain] o.s.b.a.e.web.EndpointLinksResolver      : Exposing 1 endpoint beneath base path '/actuator'
2026-09-24T14:03:12.286-03:00  INFO 25620 --- [restartedMain] o.s.boot.tomcat.TomcatWebServer          : Tomcat started on port 8085 (http) with context path '/'
2026-09-24T14:03:12.292-03:00  INFO 25620 --- [restartedMain] c.i.c.CustomerServiceApplication         : Started CustomerServiceApplication in 4.248 seconds (process running for 4.688)
2026-09-24T14:03:14.046-03:00  INFO 25620 --- [SpringApplicationShutdownHook] o.s.boot.tomcat.GracefulShutdown         : Commencing graceful shutdown. Waiting for active requests to complete
2026-09-24T14:03:14.049-03:00  INFO 25620 --- [tomcat-shutdown] o.s.boot.tomcat.GracefulShutdown         : Graceful shutdown complete
2026-09-24T14:03:14.057-03:00  INFO 25620 --- [SpringApplicationShutdownHook] j.LocalContainerEntityManagerFactoryBean : Closing JPA EntityManagerFactory for persistence unit 'default'
2026-09-24T14:03:14.064-03:00  INFO 25620 --- [SpringApplicationShutdownHook] com.zaxxer.hikari.HikariDataSource       : HikariPool-1 - Shutdown initiated...
2026-09-24T14:03:14.067-03:00  INFO 25620 --- [SpringApplicationShutdownHook] com.zaxxer.hikari.HikariDataSource       : HikariPool-1 - Shutdown completed.
