2026-09-24T13:11:10.984-03:00  INFO 17412 --- [main] c.i.p.PaymentServiceApplication          : Starting PaymentServiceApplication using Java 25.0.4.1 with PID 17412 (C:\Users\spydf\Desktop\kafka-lab\payment-service\target\classes started by spydf in C:\Users\spydf\Desktop\kafka-lab\payment-service)
2026-09-24T13:11:10.987-03:00  INFO 17412 --- [main] c.i.p.PaymentServiceApplication          : No active profile set, falling back to 1 default profile: "default"
2026-09-24T13:11:11.621-03:00  INFO 17412 --- [main] .s.d.r.c.RepositoryConfigurationDelegate : Bootstrapping Spring Data JPA repositories in DEFAULT mode.
2026-09-24T13:11:11.640-03:00  INFO 17412 --- [main] .s.d.r.c.RepositoryConfigurationDelegate : Finished Spring Data repository scanning in 11 ms. Found 0 JPA repository interfaces.
2026-09-24T13:11:12.096-03:00  INFO 17412 --- [main] o.s.boot.tomcat.TomcatWebServer          : Tomcat initialized with port 8081 (http)
2026-09-24T13:11:12.110-03:00  INFO 17412 --- [main] o.apache.catalina.core.StandardService   : Starting service [Tomcat]
2026-09-24T13:11:12.110-03:00  INFO 17412 --- [main] o.apache.catalina.core.StandardEngine    : Starting Servlet engine: [Apache Tomcat/11.0.24]
2026-09-24T13:11:12.192-03:00  INFO 17412 --- [main] b.w.c.s.WebApplicationContextInitializer : Root WebApplicationContext: initialization completed in 1158 ms
2026-09-24T13:11:12.510-03:00  INFO 17412 --- [main] com.zaxxer.hikari.HikariDataSource       : HikariPool-1 - Starting...
2026-09-24T13:11:12.637-03:00  INFO 17412 --- [main] com.zaxxer.hikari.pool.HikariPool        : HikariPool-1 - Added connection org.postgresql.jdbc.PgConnection@5c234920
2026-09-24T13:11:12.639-03:00  INFO 17412 --- [main] com.zaxxer.hikari.HikariDataSource       : HikariPool-1 - Start completed.
2026-09-24T13:11:12.657-03:00  INFO 17412 --- [main] org.flywaydb.core.FlywayExecutor         : Database: jdbc:postgresql://localhost:5440/payment (PostgreSQL 17.11)
2026-09-24T13:11:12.718-03:00  INFO 17412 --- [main] o.f.c.i.s.JdbcTableSchemaHistory         : Schema history table "public"."flyway_schema_history" does not exist yet
2026-09-24T13:11:12.721-03:00  INFO 17412 --- [main] o.f.core.internal.command.DbValidate     : Successfully validated 0 migrations (execution time 00:00.009s)
2026-09-24T13:11:12.721-03:00  WARN 17412 --- [main] o.f.core.internal.command.DbValidate     : No migrations found. Are your locations set up correctly?
2026-09-24T13:11:12.745-03:00  INFO 17412 --- [main] o.f.c.i.s.JdbcTableSchemaHistory         : Creating Schema History table "public"."flyway_schema_history" ...
2026-09-24T13:11:12.799-03:00  INFO 17412 --- [main] o.f.core.internal.command.DbMigrate      : Current version of schema "public": << Empty Schema >>
2026-09-24T13:11:12.804-03:00  INFO 17412 --- [main] o.f.core.internal.command.DbMigrate      : Schema "public" is up to date. No migration necessary.
2026-09-24T13:11:12.887-03:00  INFO 17412 --- [main] org.hibernate.orm.jpa                    : HHH008540: Processing PersistenceUnitInfo [name: default]
2026-09-24T13:11:12.937-03:00  INFO 17412 --- [main] org.hibernate.orm.core                   : HHH000001: Hibernate ORM core version 7.4.5.Final
2026-09-24T13:11:13.296-03:00  INFO 17412 --- [main] o.s.o.j.p.SpringPersistenceUnitInfo      : No LoadTimeWeaver setup: ignoring JPA class transformer
2026-09-24T13:11:13.378-03:00  INFO 17412 --- [main] org.hibernate.orm.connections.pooling    : HHH10001005: Database info:
	Database JDBC URL [jdbc:postgresql://localhost:5440/payment]
	Database driver: PostgreSQL JDBC Driver
	Database dialect: PostgreSQLDialect
	Database version: 17.11
	Default catalog/schema: payment/public
	Autocommit mode: undefined/unknown
	Isolation level: READ_COMMITTED [default READ_COMMITTED]
	JDBC fetch size: none
	Pool: DataSourceConnectionProvider
	Minimum pool size: undefined/unknown
	Maximum pool size: undefined/unknown
2026-09-24T13:11:13.698-03:00  INFO 17412 --- [main] org.hibernate.orm.core                   : HHH000489: No JTA platform available (set 'hibernate.transaction.jta.platform' to enable JTA platform integration)
2026-09-24T13:11:13.733-03:00  INFO 17412 --- [main] j.LocalContainerEntityManagerFactoryBean : Initialized JPA EntityManagerFactory for persistence unit 'default'
2026-09-24T13:11:13.776-03:00  WARN 17412 --- [main] JpaBaseConfiguration$JpaWebConfiguration : spring.jpa.open-in-view is enabled by default. Therefore, database queries may be performed during view rendering. Explicitly configure spring.jpa.open-in-view to disable this warning
2026-09-24T13:11:14.186-03:00  INFO 17412 --- [main] o.s.b.a.e.web.EndpointLinksResolver      : Exposing 1 endpoint beneath base path '/actuator'
2026-09-24T13:11:14.249-03:00  INFO 17412 --- [main] o.s.boot.tomcat.TomcatWebServer          : Tomcat started on port 8081 (http) with context path '/'
2026-09-24T13:11:14.255-03:00  INFO 17412 --- [main] c.i.p.PaymentServiceApplication          : Started PaymentServiceApplication in 3.785 seconds (process running for 4.221)
2026-09-24T13:11:14.923-03:00  INFO 17412 --- [SpringApplicationShutdownHook] o.s.boot.tomcat.GracefulShutdown         : Commencing graceful shutdown. Waiting for active requests to complete
2026-09-24T13:11:14.927-03:00  INFO 17412 --- [tomcat-shutdown] o.s.boot.tomcat.GracefulShutdown         : Graceful shutdown complete
2026-09-24T13:11:14.932-03:00  INFO 17412 --- [SpringApplicationShutdownHook] j.LocalContainerEntityManagerFactoryBean : Closing JPA EntityManagerFactory for persistence unit 'default'
2026-09-24T13:11:14.941-03:00  INFO 17412 --- [SpringApplicationShutdownHook] com.zaxxer.hikari.HikariDataSource       : HikariPool-1 - Shutdown initiated...
2026-09-24T13:11:14.946-03:00  INFO 17412 --- [SpringApplicationShutdownHook] com.zaxxer.hikari.HikariDataSource       : HikariPool-1 - Shutdown completed.
